
================================================================================
Meta-Learner Training
================================================================================
Strategy: full_representations
Device: cuda
Output directory: /public/home/lixy/..yanghao/646122/data_large/AOEDrug/dataset/toy_dataset/models_meta/meta_full_esm2_xmol_prob_attention-32-0.001
================================================================================

[Data] Loading data...
  Train samples: 15
  Val samples: 15
  Test samples: 15

[X-Mol Shared] Loaded global feature library: /public/home/lixy/..yanghao/646122/iTarget-master/_ForFeatures/xmol/FT_to_embedding/data/for_output/xmol_shared/features_toy_dataset.dat
  Shape: (48, 768)
  Global index: 48 molecules

[DataLoader Configuration]
  num_workers: 8
  pin_memory: True

[Model] Initializing meta-learner...

============================================================
[MetaLearner] Initializing - Strategy: full_representations
============================================================
[MetaLearner] Strategy: full representations (ESM-2 + X-Mol)
  Protein encoder: ESM2Encoder -> output dim: 256
  Drug encoder: XMolEncoder -> output dim: 256
  Fusion method: prob_attention

[MetaLearner] Total parameters: 5,284,612
============================================================


[Training] Starting training...
Epoch   1/2 | Time: 1.5s
  Train - Loss: 0.0000, AUC: 0.0000, AUPRC: 0.0000
  Val   - Loss: 0.2400, AUC: 1.0000, AUPRC: 1.0000, ACC: 1.0000, F1: 1.0000
  -> New best model saved! (AUPRC: 1.0000)
  -> Config saved to /public/home/lixy/..yanghao/646122/data_large/AOEDrug/dataset/toy_dataset/models_meta/meta_full_esm2_xmol_prob_attention-32-0.001/config.json
Epoch   2/2 | Time: 1.5s
  Train - Loss: 0.0000, AUC: 0.0000, AUPRC: 0.0000
  Val   - Loss: 0.2400, AUC: 1.0000, AUPRC: 1.0000, ACC: 1.0000, F1: 1.0000

[Training] Completed! Best validation AUPRC: 1.0000 at epoch 1

[Testing] Loading best model and evaluating on test set...
Traceback (most recent call last):
  File "meta_run_training.py", line 462, in <module>
    main()
  File "meta_run_training.py", line 409, in main
    checkpoint = torch.load(os.path.join(args.output_dir, 'best_model.pt'))
  File "/public/home/lixy/..anaconda3/envs/drugban/lib/python3.8/site-packages/torch/serialization.py", line 581, in load
    with _open_file_like(f, 'rb') as opened_file:
  File "/public/home/lixy/..anaconda3/envs/drugban/lib/python3.8/site-packages/torch/serialization.py", line 230, in _open_file_like
    return _open_file(name_or_buffer, mode)
  File "/public/home/lixy/..anaconda3/envs/drugban/lib/python3.8/site-packages/torch/serialization.py", line 211, in __init__
    super(_open_file, self).__init__(open(name, mode))
FileNotFoundError: [Errno 2] No such file or directory: '/public/home/lixy/..yanghao/646122/data_large/AOEDrug/dataset/toy_dataset/models_meta/meta_full_esm2_xmol_prob_attention-32-0.001/best_model.pt'
